// Jest Snapshot v1, https://goo.gl/fbAQLP

exports[`Welcome should match the snapshot with all data passed in 1`] = `
<div
  className="welcome"
>
  <p>
    Take these short quizes to solidify your JS Fundamentals knowledge
  </p>
  <p>
    Select a category below to get started
  </p>
  <button
    className="category color-0"
    key="0"
    onClick={[Function]}
  >
    Prototype Methods
  </button>
  <button
    className="category color-1"
    key="1"
    onClick={[Function]}
  >
    OOP
  </button>
  <button
    className="category color-2"
    key="2"
    onClick={[Function]}
  >
    Scope
  </button>
</div>
`;
