// Jest Snapshot v1, https://goo.gl/fbAQLP

exports[`Welcome should match the snapshot with all data passed in 1`] = `
<div
  className="welcome"
>
  <p>
    Take these short quizzes to solidify your JS Fundamentals knowledge
  </p>
  <p>
    Select a category below to get started
  </p>
  <button
    className="category-btn-prototype-methods"
    key="0"
    onClick={[Function]}
  >
    Prototype Methods
  </button>
  <button
    className="category-btn-oop"
    key="1"
    onClick={[Function]}
  >
    OOP
  </button>
  <button
    className="category-btn-scope"
    key="2"
    onClick={[Function]}
  >
    Scope
  </button>
</div>
`;
